// Jest Snapshot v1, https://goo.gl/fbAQLP

exports[`it should sort the table with minimum absolute value 1`] = `"<tbody><tr><th>name</th><th>bestBid</th><th>bestAsk</th><th>openBid</th><th>openAsk</th><th>lastChangeAsk</th><th>lastChangeBid</th><th>SparkLines</th></tr><tr id=\\"eusqw\\"><td>eusqw</td><td>1.28</td><td>1.33</td><td>1.27</td><td>1.30</td><td>0.02</td><td>-0.01</td></tr><tr id=\\"blahblah\\"><td>blahblah</td><td>1.28</td><td>1.33</td><td>1.27</td><td>1.30</td><td>0.02</td><td>-0.01</td></tr><tr id=\\"gbpeur\\"><td>gbpeur</td><td>1.28</td><td>1.33</td><td>1.27</td><td>1.30</td><td>0.02</td><td>0.02</td></tr></tbody>"`;
