// Jest Snapshot v1, https://goo.gl/fbAQLP

exports[`it should add a new row with currency name as id in table with every unique stomp update 1`] = `"<tbody><tr><th>name</th><th>bestBid</th><th>bestAsk</th><th>openBid</th><th>openAsk</th><th>lastChangeAsk</th><th>lastChangeBid</th><th>SparkLines</th></tr> <tr id=\\"gbpeur\\"></tr></tbody>"`;
